// Jest Snapshot v1, https://goo.gl/fbAQLP

exports[`<Share /> <Share /> snapshot 1`] = `
<a
  className="button"
  onClick={[Function]}
  rel="noopener noreferrer"
/>
`;
