// Jest Snapshot v1, https://goo.gl/fbAQLP

exports[`<App /> <App /> snapshot 1`] = `
<div
  className="container"
>
  <div
    className="container"
  >
    <div
      className="row"
    >
      <div
        className="column"
        style={
          Object {
            "marginTop": "12%",
          }
        }
      >
        <img
          className="avatar"
          style={Object {}}
        />
        <h1>
          undefined
        </h1>
        <p />
        <div>
          <p
            className="footer"
          />
        </div>
      </div>
    </div>
  </div>
</div>
`;
